valnon val ou bien non, perso plutot val
..euh en fait non. Ah quoi que val
Ok j'ai decide, 'non'
Je reviens sur ce que j'ai dit, "val".
